// Jest Snapshot v1, https://goo.gl/fbAQLP

exports[`Component: Alert should match the snapshot 1`] = `
<div
  aria-live="assertive"
  className="redux-toastr"
>
  <div>
    <div
      className="top-left"
      style={Object {}}
    />
    <div
      className="top-right"
      style={Object {}}
    />
    <div
      className="top-center"
      style={Object {}}
    />
    <div
      className="bottom-left"
      style={Object {}}
    />
    <div
      className="bottom-right"
      style={Object {}}
    />
    <div
      className="bottom-center"
      style={Object {}}
    />
  </div>
</div>
`;
