// Jest Snapshot v1, https://goo.gl/fbAQLP

exports[`Component: Footer should match the snapshot 1`] = `
<div>
  <div
    style={
      Object {
        "alignSelf": "flex-end",
      }
    }
  >
    <footer
      className="page-footer font-small pt-4 mt-4 teal"
      data-test="footer"
    >
      <div
        className="container-fluid text-center text-md-left"
        data-test="container"
      >
        <div
          className="row"
          data-test="row"
        >
          <div
            className="col-md-6"
            data-test="col"
          >
            <h5
              className="title"
            >
              TRADEMEBOOKS
            </h5>
          </div>
          <div
            className="col-md-2"
            data-test="col"
          >
            <h5
              className="title"
            >
              Explore
            </h5>
            <ul>
              <li
                className="list-unstyled"
              >
                <a
                  href="/about"
                >
                  About
                </a>
              </li>
              <li
                className="list-unstyled"
              >
                <a
                  href="/contact"
                >
                  Contact Us
                </a>
              </li>
              <li
                className="list-unstyled"
              >
                <a
                  href="/careers"
                >
                  Careers
                </a>
              </li>
              <li
                className="list-unstyled"
              >
                <a
                  href="/add-book"
                >
                  Post a Book
                </a>
              </li>
            </ul>
          </div>
          <div
            className="col-md-2"
            data-test="col"
          >
            <h5
              className="title"
            >
              Connect
            </h5>
            <ul>
              <li
                className="list-unstyled"
              >
                <a
                  href="#!"
                >
                  Facebook
                </a>
              </li>
              <li
                className="list-unstyled"
              >
                <a
                  href="#!"
                >
                  Twitter
                </a>
              </li>
              <li
                className="list-unstyled"
              >
                <a
                  href="#!"
                >
                  Instagram
                </a>
              </li>
              <li
                className="list-unstyled"
              >
                <a
                  href="#!"
                >
                  Tiktok
                </a>
              </li>
              <li
                className="list-unstyled"
              >
                <a
                  href="#!"
                >
                  WhatsApp
                </a>
              </li>
            </ul>
          </div>
          <div
            className="col-md-2"
            data-test="col"
          >
            <h5
              className="title"
            >
              Legal
            </h5>
            <ul>
              <li
                className="list-unstyled"
              >
                <a
                  href="/terms"
                >
                  Terms
                </a>
              </li>
              <li
                className="list-unstyled"
              >
                <a
                  href="/privacy"
                >
                  Privacy
                </a>
              </li>
            </ul>
          </div>
        </div>
      </div>
      <div
        className="footer-copyright py-3"
      >
        <div
          className="container-fluid"
          data-test="container"
        >
          © 
          2021
           Chosen Solutions. All rights reserved.
        </div>
      </div>
    </footer>
  </div>
</div>
`;
