// Jest Snapshot v1, https://goo.gl/fbAQLP

exports[`Component: AuthBookstore should match the snapshot 1`] = `
Array [
  <div
    className="header-container text-center"
  >
    <h3
      className="font-weight-bold"
    >
      My Bookstore
    </h3>
    <div>
      <span
        data-popper="popper"
        onMouseDown={[Function]}
        onMouseEnter={[Function]}
        onMouseLeave={[Function]}
        onMouseUp={[Function]}
        onTouchEnd={[Function]}
        onTouchStart={[Function]}
      >
        <i
          className="fa fa-info-circle fa-lg"
          data-test="fa"
        />
      </span>
       
      <a
        href=""
      >
        
      </a>
       
      <button
        className="btn-default btn Ripple-parent btn-sm"
        data-test="button"
        onClick={[Function]}
        onMouseUp={[Function]}
        onTouchStart={[Function]}
        type="button"
      >
        Copy 
        <i
          className="fa fa-clipboard"
          data-test="fa"
        />
        <div
          className="Ripple "
          data-test="waves"
          style={
            Object {
              "height": "0px",
              "left": "0px",
              "top": "0px",
              "width": "0px",
            }
          }
        />
      </button>
    </div>
  </div>,
  <div
    className="mt-4"
  >
    <div
      className="container"
      data-test="container"
    >
      <div
        className="row justify-content-center"
        data-test="row"
      >
        <div
          className="col-sm-12"
          data-test="col"
        >
          <div>
            There are no books in this bookstore...
          </div>
        </div>
      </div>
    </div>
  </div>,
]
`;
