// Jest Snapshot v1, https://goo.gl/fbAQLP

exports[`Component: AuthBookstore should match the snapshot 1`] = `
Array [
  <div
    className="header-container text-center"
  >
    <h3
      className="font-weight-bold"
    >
      My Bookstore
    </h3>
    <div>
      <div
        className="bookstore-clipboard-container"
      >
        <div
          className="bookstore-clipboard-inner-container"
        >
          <div
            className="bookstore-clipboard__top-section"
          >
            Copy & Share your Bookstore Link!
          </div>
          <div
            className="bookstore-clipboard__bottom-section"
          >
            <input
              className="form-control bookstore-clipboard__bottom-section-input-text"
              readOnly={true}
              type="text"
              value=""
            />
            <button
              className="btn-default btn Ripple-parent btn-sm bookstore-clipboard__bottom-section-copy-button"
              data-test="button"
              onClick={[Function]}
              onMouseUp={[Function]}
              onTouchStart={[Function]}
              type="button"
            >
              <i
                className="fa fa-clipboard fa-lg"
                data-test="fa"
              />
              <div
                className="Ripple "
                data-test="waves"
                style={
                  Object {
                    "height": "0px",
                    "left": "0px",
                    "top": "0px",
                    "width": "0px",
                  }
                }
              />
            </button>
          </div>
        </div>
      </div>
    </div>
  </div>,
  <div
    className="mt-4"
  >
    <div
      className="container"
      data-test="container"
    >
      <div
        className="row justify-content-center"
        data-test="row"
      >
        <div
          className="col-sm-12"
          data-test="col"
        >
          <div>
            There are no books in this bookstore...
          </div>
        </div>
      </div>
    </div>
  </div>,
]
`;
