// Jest Snapshot v1, https://goo.gl/fbAQLP

exports[`Component: PasswordSendEmailForm should match the snapshot 1`] = `
<div
  className="container mt-4 password-send-email-form"
  data-test="container"
>
  <div
    className="row justify-content-center"
    data-test="row"
  >
    <div
      className="col-md-6"
      data-test="col"
    >
      <form
        onSubmit={[Function]}
      >
        <p
          className="h2 text-center mb-5"
        >
          Reset Your Password
        </p>
        <div
          className="grey-text"
        >
          <div
            className="md-form form-group"
          >
            <i
              className="fa fa-envelope prefix"
              data-test="fa"
              onClick={[Function]}
              onMouseEnter={[Function]}
              onMouseLeave={[Function]}
            />
            <input
              aria-disabled={false}
              className="form-control"
              data-test="input"
              disabled={false}
              name="email"
              onBlur={[Function]}
              onChange={[Function]}
              onFocus={[Function]}
              onInput={[Function]}
              required={true}
              type="email"
              value=""
            />
            <label
              aria-labelledby=""
              className=""
              data-error=""
              data-success=""
              id=""
              onClick={[Function]}
            >
              Type in your email
            </label>
          </div>
        </div>
        <div
          className="text-center"
        >
          <button
            className="btn-default btn Ripple-parent w-100"
            data-test="button"
            onMouseUp={[Function]}
            onTouchStart={[Function]}
            type="submit"
          >
            Send Email
            <div
              className="Ripple "
              data-test="waves"
              style={
                Object {
                  "height": "0px",
                  "left": "0px",
                  "top": "0px",
                  "width": "0px",
                }
              }
            />
          </button>
        </div>
      </form>
    </div>
  </div>
</div>
`;
