// Jest Snapshot v1, https://goo.gl/fbAQLP

exports[`Component: PostBookForm should match the snapshot 1`] = `
<div
  className="post-book-form-container"
>
  <div
    className="container"
    data-test="container"
  >
    <div
      className="row"
      data-test="row"
    >
      <div
        className="col-sm-12 col-md-4"
        data-test="col"
      >
        <div
          className="text-center"
        >
          <div
            className="py-5"
          >
            <img
              alt="thumbnail"
              className="img-thumbnail book-image-size"
              src="sample-book.png"
            />
          </div>
        </div>
      </div>
      <div
        className="col-sm-12 col-md-8"
        data-test="col"
      >
        <div>
          <form
            className="post-book-form-fields"
          >
            <div
              className="form-group"
            >
              <div
                className="md-form form-lg"
              >
                
                <input
                  aria-disabled={false}
                  className="form-control form-control-lg"
                  data-test="input"
                  disabled={false}
                  name="title"
                  onBlur={[Function]}
                  onChange={[Function]}
                  onFocus={[Function]}
                  onInput={[Function]}
                  type="text"
                  value=""
                />
                <label
                  aria-labelledby=""
                  className=""
                  data-error=""
                  data-success=""
                  id=""
                  onClick={[Function]}
                >
                  Title (Required)
                </label>
              </div>
            </div>
            <div
              className="form-group"
            >
              <div
                className="md-form form-lg"
              >
                
                <input
                  aria-disabled={false}
                  className="form-control form-control-lg"
                  data-test="input"
                  disabled={false}
                  name="edition"
                  onBlur={[Function]}
                  onChange={[Function]}
                  onFocus={[Function]}
                  onInput={[Function]}
                  type="text"
                  value=""
                />
                <label
                  aria-labelledby=""
                  className=""
                  data-error=""
                  data-success=""
                  id=""
                  onClick={[Function]}
                >
                  Edition (Optional)
                </label>
              </div>
            </div>
            <div
              className="form-group"
            >
              <div
                className="tags-input"
              >
                <ul
                  id="tags"
                />
                <input
                  onKeyUp={[Function]}
                  placeholder="Author Name(s) (Optional)"
                  type="text"
                />
              </div>
            </div>
          </form>
        </div>
      </div>
    </div>
    <div
      className="row"
      data-test="row"
    >
      <div
        className="col-sm-12 col-md-12"
        data-test="col"
      >
        <div
          className="mt-5"
        >
          <div
            className="row justify-content-center"
            data-test="row"
          />
        </div>
      </div>
    </div>
  </div>
</div>
`;
